[    0.000000] Initializing cgroup subsys cpuset
[    0.000000] Initializing cgroup subsys cpu
[    0.000000] Initializing cgroup subsys cpuacct
[    0.000000] Linux version 4.4.0-104-generic (buildd@lgw01-amd64-022) (gcc version 5.4.0 20160609 (Ubuntu 5.4.0-6ubuntu1~16.04.5) ) #127-Ubuntu SMP Mon Dec 11 12:16:42 UTC 2017 (Ubuntu 4.4.0-104.127-generic 4.4.98)
[    0.000000] Command line: BOOT_IMAGE=/boot/vmlinuz-4.4.0-104-generic root=UUID=743b1402-d445-494c-af0b-749040bb33e4 ro console=tty1 console=ttyS0
[    0.000000] KERNEL supported cpus:
[    0.000000]   Intel GenuineIntel
[    0.000000]   AMD AuthenticAMD
[    0.000000]   Centaur CentaurHauls
[    0.000000] ------------[ cut here ]------------
[    0.000000] WARNING: CPU: 0 PID: 0 at /build/linux-SwhOyu/linux-4.4.0/arch/x86/kernel/fpu/xstate.c:517 fpu__init_system_xstate+0x38b/0x75a()
[    0.000000] XSAVE consistency problem, dumping leaves
[    0.000000] Modules linked in:
[    0.000000] CPU: 0 PID: 0 Comm: swapper Not tainted 4.4.0-104-generic #127-Ubuntu
[    0.000000]  0000000000000086 1486a8f6258df774 ffffffff81e03d80 ffffffff813fb523
[    0.000000]  ffffffff81e03dc8 ffffffff81caaa28 ffffffff81e03db8 ffffffff810812e2
[    0.000000]  ffffffff81e03e48 ffffffff81e03e4c 0000000000000008 0000000000000100
[    0.000000] Call Trace:
[    0.000000]  [<ffffffff813fb523>] dump_stack+0x63/0x90
[    0.000000]  [<ffffffff810812e2>] warn_slowpath_common+0x82/0xc0
[    0.000000]  [<ffffffff8108137c>] warn_slowpath_fmt+0x5c/0x80
[    0.000000]  [<ffffffff8107cff0>] ? xfeature_size+0x59/0x77
[    0.000000]  [<ffffffff81f6d20b>] fpu__init_system_xstate+0x38b/0x75a
[    0.000000]  [<ffffffff81f5d120>] ? early_idt_handler_array+0x120/0x120
[    0.000000]  [<ffffffff81f6cb76>] fpu__init_system+0x10d/0x245
[    0.000000]  [<ffffffff81f6dc7f>] early_cpu_init+0x139/0x13e
[    0.000000]  [<ffffffff81f6dc7f>] ? early_cpu_init+0x139/0x13e
[    0.000000]  [<ffffffff81f69181>] setup_arch+0xb4/0xcf6
[    0.000000]  [<ffffffff81f5d120>] ? early_idt_handler_array+0x120/0x120
[    0.000000]  [<ffffffff81f5dc74>] start_kernel+0xe4/0x4a2
[    0.000000]  [<ffffffff81f5d120>] ? early_idt_handler_array+0x120/0x120
[    0.000000]  [<ffffffff81f5d339>] x86_64_start_reservations+0x2a/0x2c
[    0.000000]  [<ffffffff81f5d485>] x86_64_start_kernel+0x14a/0x16d
[    0.000000] ---[ end trace 4d5ff9f2f68c4233 ]---
[    0.000000] CPUID[0d, 00]: eax=00000007 ebx=00000440 ecx=00000440 edx=00000000
[    0.000000] CPUID[0d, 01]: eax=00000000 ebx=00000440 ecx=00000000 edx=00000000
[    0.000000] CPUID[0d, 02]: eax=00000100 ebx=00000240 ecx=00000000 edx=00000000
[    0.000000] CPUID[0d, 03]: eax=00000000 ebx=00000000 ecx=00000000 edx=00000000
[    0.000000] CPUID[0d, 04]: eax=00000000 ebx=00000000 ecx=00000000 edx=00000000
[    0.000000] CPUID[0d, 05]: eax=00000000 ebx=00000000 ecx=00000000 edx=00000000
[    0.000000] CPUID[0d, 06]: eax=00000000 ebx=00000000 ecx=00000000 edx=00000000
[    0.000000] CPUID[0d, 07]: eax=00000000 ebx=00000000 ecx=00000000 edx=00000000
[    0.000000] CPUID[0d, 08]: eax=00000000 ebx=00000000 ecx=00000000 edx=00000000
[    0.000000] CPUID[0d, 09]: eax=00000000 ebx=00000000 ecx=00000000 edx=00000000
[    0.000000] CPUID[0d, 0a]: eax=00000000 ebx=00000000 ecx=00000000 edx=00000000
[    0.000000] CPUID[0d, 0b]: eax=00000000 ebx=00000000 ecx=00000000 edx=00000000
[    0.000000] CPUID[0d, 0c]: eax=00000000 ebx=00000000 ecx=00000000 edx=00000000
[    0.000000] CPUID[0d, 0d]: eax=00000000 ebx=00000000 ecx=00000000 edx=00000000
[    0.000000] CPUID[0d, 0e]: eax=00000000 ebx=00000000 ecx=00000000 edx=00000000
[    0.000000] CPUID[0d, 0f]: eax=00000000 ebx=00000000 ecx=00000000 edx=00000000
[    0.000000] CPUID[0d, 10]: eax=00000000 ebx=00000000 ecx=00000000 edx=00000000
[    0.000000] CPUID[0d, 11]: eax=00000000 ebx=00000000 ecx=00000000 edx=00000000
[    0.000000] x86/fpu: xstate_offset[2]:  576, xstate_sizes[2]:  256
[    0.000000] x86/fpu: Supporting XSAVE feature 0x01: 'x87 floating point registers'
[    0.000000] x86/fpu: Supporting XSAVE feature 0x02: 'SSE registers'
[    0.000000] x86/fpu: Supporting XSAVE feature 0x04: 'AVX registers'
[    0.000000] x86/fpu: Enabled xstate features 0x7, context size is 1088 bytes, using 'standard' format.
[    0.000000] x86/fpu: Using 'lazy' FPU context switches.
[    0.000000] e820: BIOS-provided physical RAM map:
[    0.000000] BIOS-e820: [mem 0x0000000000000000-0x000000000009fbff] usable
[    0.000000] BIOS-e820: [mem 0x000000000009fc00-0x000000000009ffff] reserved
[    0.000000] BIOS-e820: [mem 0x00000000000f0000-0x00000000000fffff] reserved
[    0.000000] BIOS-e820: [mem 0x0000000000100000-0x000000003ffeffff] usable
[    0.000000] BIOS-e820: [mem 0x000000003fff0000-0x000000003fffffff] ACPI data
[    0.000000] BIOS-e820: [mem 0x00000000fec00000-0x00000000fec00fff] reserved
[    0.000000] BIOS-e820: [mem 0x00000000fee00000-0x00000000fee00fff] reserved
[    0.000000] BIOS-e820: [mem 0x00000000fffc0000-0x00000000ffffffff] reserved
[    0.000000] NX (Execute Disable) protection: active
[    0.000000] SMBIOS 2.5 present.
[    0.000000] Hypervisor detected: KVM
[    0.000000] e820: last_pfn = 0x3fff0 max_arch_pfn = 0x400000000
[    0.000000] MTRR: Disabled
[    0.000000] x86/PAT: MTRRs disabled, skipping PAT initialization too.
[    0.000000] CPU MTRRs all blank - virtualized system.
[    0.000000] x86/PAT: Configuration [0-7]: WB  WT  UC- UC  WB  WT  UC- UC  
[    0.000000] found SMP MP-table at [mem 0x0009fff0-0x0009ffff] mapped at [ffff88000009fff0]
[    0.000000] Scanning 1 areas for low memory corruption
[    0.000000] RAMDISK: [mem 0x36232000-0x37110fff]
[    0.000000] ACPI: Early table checksum verification disabled
[    0.000000] ACPI: RSDP 0x00000000000E0000 000024 (v02 VBOX  )
[    0.000000] ACPI: XSDT 0x000000003FFF0030 00003C (v01 VBOX   VBOXXSDT 00000001 ASL  00000061)
[    0.000000] ACPI: FACP 0x000000003FFF00F0 0000F4 (v04 VBOX   VBOXFACP 00000001 ASL  00000061)
[    0.000000] ACPI: DSDT 0x000000003FFF0470 0021FF (v02 VBOX   VBOXBIOS 00000002 INTL 20100528)
[    0.000000] ACPI: FACS 0x000000003FFF0200 000040
[    0.000000] ACPI: FACS 0x000000003FFF0200 000040
[    0.000000] ACPI: APIC 0x000000003FFF0240 00005C (v02 VBOX   VBOXAPIC 00000001 ASL  00000061)
[    0.000000] ACPI: SSDT 0x000000003FFF02A0 0001CC (v01 VBOX   VBOXCPUT 00000002 INTL 20100528)
[    0.000000] No NUMA configuration found
[    0.000000] Faking a node at [mem 0x0000000000000000-0x000000003ffeffff]
[    0.000000] NODE_DATA(0) allocated [mem 0x3ffeb000-0x3ffeffff]
[    0.000000] kvm-clock: Using msrs 4b564d01 and 4b564d00
[    0.000000] kvm-clock: cpu 0, msr 0:3ffe3001, primary cpu clock
[    0.000000] kvm-clock: using sched offset of 3620801016 cycle

[    0.000000] clocksource: kvm-clock: mask: 0xffffffffffffffff max_cycles: 0x1cd42e4dffb, max_idle_ns: 881590591483 ns
[    0.000000] Zone ranges:
[    0.000000]   DMA      [mem 0x0000000000001000-0x0000000000ffffff]
[    0.000000]   DMA32    [mem 0x0000000001000000-0x000000003ffeffff]
[    0.000000]   Normal   empty
[    0.000000]   Device   empty
[    0.000000] Movable zone start for each node
[    0.000000] Early memory node ranges
[    0.000000]   node   0: [mem 0x0000000000001000-0x000000000009efff]
[    0.000000]   node   0: [mem 0x0000000000100000-0x000000003ffeffff]
[    0.000000] Initmem setup node 0 [mem 0x0000000000001000-0x000000003ffeffff]
[    0.000000] ACPI: PM-Timer IO Port: 0x4008
[    0.000000] IOAPIC[0]: apic_id 2, version 32, address 0xfec00000, GSI 0-23
[    0.000000] ACPI: INT_SRC_OVR (bus 0 bus_irq 0 global_irq 2 dfl dfl)
[    0.000000] ACPI: INT_SRC_OVR (bus 0 bus_irq 9 global_irq 9 high level)
[    0.000000] Using ACPI (MADT) for SMP configuration information
[    0.000000] smpboot: Allowing 2 CPUs, 0 hotplug CPUs
[    0.000000] PM: Registered nosave memory: [mem 0x00000000-0x00000fff]
[    0.000000] PM: Registered nosave memory: [mem 0x0009f000-0x0009ffff]
[    0.000000] PM: Registered nosave memory: [mem 0x000a0000-0x000effff]
[    0.000000] PM: Registered nosave memory: [mem 0x000f0000-0x000fffff]
[    0.000000] e820: [mem 0x40000000-0xfebfffff] available for PCI devices
[    0.000000] Booting paravirtualized kernel on KVM
[    0.000000] clocksource: refined-jiffies: mask: 0xffffffff max_cycles: 0xffffffff, max_idle_ns: 7645519600211568 ns
[    0.000000] setup_percpu: NR_CPUS:512 nr_cpumask_bits:512 nr_cpu_ids:2 nr_node_ids:1
[    0.000000] PERCPU: Embedded 33 pages/cpu @ffff88003fc00000 s98200 r8192 d28776 u1048576
[    0.000000] PV qspinlock hash table entries: 256 (order: 0, 4096 bytes)
[    0.000000] Built 1 zonelists in Node order, mobility grouping on.  Total pages: 257913
[    0.000000] Policy zone: DMA32
[    0.000000] Kernel command line: BOOT_IMAGE=/boot/vmlinuz-4.4.0-104-generic root=UUID=743b1402-d445-494c-af0b-749040bb33e4 ro console=tty1 console=ttyS0
[    0.000000] PID hash table entries: 4096 (order: 3, 32768 bytes)
[    0.000000] Memory: 997344K/1048120K available (8485K kernel code, 1295K rwdata, 3988K rodata, 1492K init, 1316K bss, 50776K reserved, 0K cma-reserved)
[    0.000000] SLUB: HWalign=64, Order=0-3, MinObjects=0, CPUs=2, Nodes=1
[    0.000000] Hierarchical RCU implementation.
[    0.000000] 	Build-time adjustment of leaf fanout to 64.
[    0.000000] 	RCU restricting CPUs from NR_CPUS=512 to nr_cpu_ids=2.
[    0.000000] RCU: Adjusting geometry for rcu_fanout_leaf=64, nr_cpu_ids=2
[    0.000000] NR_IRQS:33024 nr_irqs:440 16
[    0.000000] Console: colour VGA+ 80x25
[    0.000000] console [tty1] enabled
[    0.000000] console [ttyS0] enabled
[    0.000000] tsc: Detected 2712.002 MHz processor
[   24.709152] Calibrating delay loop (skipped) preset value.. 5424.00 BogoMIPS (lpj=10848008)
[   24.943682] pid_max: default: 32768 minimum: 301
[   25.056581] ACPI: Core revision 20150930
[   25.125562] ACPI: 2 ACPI AML tables successfully acquired and loaded
[   25.259371] Security Framework initialized
[   25.322371] Yama: becoming mindful.
[   25.410187] AppArmor: AppArmor initialized
[   25.488697] Dentry cache hash table entries: 131072 (order: 8, 1048576 bytes)
[   25.654745] Inode-cache hash table entries: 65536 (order: 7, 524288 bytes)
[   25.783954] Mount-cache hash table entries: 2048 (order: 2, 16384 bytes)
[   25.971505] Mountpoint-cache hash table entries: 2048 (order: 2, 16384 bytes)
[   26.174802] Initializing cgroup subsys io
[   26.280719] Initializing cgroup subsys memory
[   26.390543] Initializing cgroup subsys devices
[   26.456190] Initializing cgroup subsys freezer
[   26.508227] Initializing cgroup subsys net_cls
[   26.605642] Initializing cgroup subsys perf_event
[   26.709447] Initializing cgroup subsys net_prio
[   26.842489] Initializing cgroup subsys hugetlb
[   26.965378] Initializing cgroup subsys pids
[   27.074376] CPU: Physical Processor ID: 0
[   27.165041] CPU: Processor Core ID: 0
[   27.276583] mce: CPU supports 0 MCE banks
[   27.388309] Last level iTLB entries: 4KB 64, 2MB 8, 4MB 8
[   27.529063] Last level dTLB entries: 4KB 64, 2MB 0, 4MB 0, 1GB 4
[   27.689421] Freeing SMP alternatives memory: 32K
[   27.764101] ftrace: allocating 32158 entries in 126 pages
[   27.826271] smpboot: APIC(0) Converting physical 0 to logical package 0
[   27.930670] smpboot: Max logical packages: 1
[   27.932891] x2apic enabled
[   28.009223] Switched APIC routing to physical x2apic.
[   28.126033] ..TIMER: vector=0x30 apic1=0 pin1=2 apic2=-1 pin2=-1
[   28.407195] smpboot: CPU0: Intel(R) Core(TM) i5-7200U CPU @ 2.50GHz (family: 0x6, model: 0x8e, stepping: 0x9)
[   28.658685] Performance Events: unsupported p6 CPU model 142 no PMU driver, software events only.
[   28.909149] KVM setup paravirtual spinlock
[   29.016264] x86: Booting SMP configuration:
[   29.093799] .... node  #0, CPUs:      #1
[   29.189940] kvm-clock: cpu 1, msr 0:3ffe3041, secondary cpu clock
[   29.316469] mce: CPU supports 0 MCE banks
[   29.381682] x86: Booted up 1 node, 2 CPUs
[   29.494375] smpboot: Total of 2 processors activated (10848.00 BogoMIPS)
[   29.635397] devtmpfs: initialized
[   29.689507] evm: security.selinux
[   29.802644] evm: security.SMACK64
[   29.903787] evm: security.SMACK64EXEC
[   29.999910] evm: security.SMACK64TRANSMUTE
[   30.118715] evm: security.SMACK64MMAP
[   30.191329] evm: security.ima
[   30.273690] evm: security.capability
[   30.330909] clocksource: jiffies: mask: 0xffffffff max_cycles: 0xffffffff, max_idle_ns: 7645041785100000 ns
[   30.536631] futex hash table entries: 512 (order: 3, 32768 bytes)
[   30.730286] pinctrl core: initialized pinctrl subsystem
[   30.892159] RTC time:  5:16:18, date: 12/22/17
[   31.038250] NET: Registered protocol family 16
[   31.165475] cpuidle: using governor ladder
[   31.249852] cpuidle: using governor menu
[   31.326645] PCCT header not found.
[   31.402319] ACPI: bus type PCI registered
[   31.514063] acpiphp: ACPI Hot Plug PCI Controller Driver version: 0.5
[   31.658512] PCI: Using configuration type 1 for base access
[   31.827100] ACPI: Added _OSI(Module Device)
[   31.944235] ACPI: Added _OSI(Processor Device)
[   32.080137] ACPI: Added _OSI(3.0 _SCP Extensions)
[   32.198883] ACPI: Added _OSI(Processor Aggregator Device)
[   32.313752] ACPI: Executed 1 blocks of module-level executable AML code
[   32.478420] ACPI: Interpreter enabled
[   32.569169] ACPI: (supports S0 S5)
[   32.580795] ACPI: Using IOAPIC for interrupt routing
[   32.706435] PCI: Using host bridge windows from ACPI; if necessary, use "pci=nocrs" and report a bug
[   32.923210] ACPI: PCI Root Bridge [PCI0] (domain 0000 [bus 00-ff])
[   33.060765] acpi PNP0A03:00: _OSC: OS supports [ASPM ClockPM Segments MSI]
[   33.219786] acpi PNP0A03:00: _OSC: not requesting OS control; OS requires [ExtendedConfig ASPM ClockPM MSI]
[   33.453613] acpi PNP0A03:00: fail to add MMCONFIG information, can't access extended PCI configuration space under this bridge.
[   33.758344] PCI host bridge to bus 0000:00
[   33.826532] pci_bus 0000:00: root bus resource [io  0x0000-0x0cf7 window]
[   33.998269] pci_bus 0000:00: root bus resource [io  0x0d00-0xffff window]
[   34.155727] pci_bus 0000:00: root bus resource [mem 0x000a0000-0x000bffff window]
[   34.340967] pci_bus 0000:00: root bus resource [mem 0x40000000-0xffdfffff window]
[   34.548084] pci_bus 0000:00: root bus resource [bus 00-ff]
[   34.661160] pci 0000:00:01.1: legacy IDE quirk: reg 0x10: [io  0x01f0-0x01f7]
[   34.848110] pci 0000:00:01.1: legacy IDE quirk: reg 0x14: [io  0x03f6]
[   35.029619] pci 0000:00:01.1: legacy IDE quirk: reg 0x18: [io  0x0170-0x0177]
[   35.184687] pci 0000:00:01.1: legacy IDE quirk: reg 0x1c: [io  0x0376]
[   35.383289] pci 0000:00:07.0: quirk: [io  0x4000-0x403f] claimed by PIIX4 ACPI
[   35.552927] pci 0000:00:07.0: quirk: [io  0x4100-0x410f] claimed by PIIX4 SMB
[   35.731200] ACPI: PCI Interrupt Link [LNKA] (IRQs 5 9 10 *11)
[   35.880922] ACPI: PCI Interrupt Link [LNKB] (IRQs 5 9 10 *11)
[   36.005058] ACPI: PCI Interrupt Link [LNKC] (IRQs 5 9 *10 11)
[   36.132703] ACPI: PCI Interrupt Link [LNKD] (IRQs 5 *9 10 11)
[   36.290391] ACPI: Enabled 2 GPEs in block 00 to 07
[   36.419138] vgaarb: setting as boot device: PCI:0000:00:02.0
[   36.561234] vgaarb: device added: PCI:0000:00:02.0,decodes=io+mem,owns=io+mem,locks=none
[   36.758796] vgaarb: loaded
[   36.822191] vgaarb: bridge control possible 0000:00:02.0
[   36.982426] SCSI subsystem initialized
[   37.039320] ACPI: bus type USB registered
[   37.163755] usbcore: registered new interface driver usbfs
[   37.313968] usbcore: registered new interface driver hub
[   37.447417] usbcore: registered new device driver usb
[   37.565470] PCI: Using ACPI for IRQ routing
[   37.659794] NetLabel: Initializing
[   37.713562] NetLabel:  domain hash size = 128
[   37.776736] NetLabel:  protocols = UNLABELED CIPSOv4
[   37.909587] NetLabel:  unlabeled traffic allowed by default
[   38.056938] amd_nb: Cannot enumerate AMD northbridges
[   38.150079] clocksource: Switched to clocksource kvm-clock
[   38.314144] AppArmor: AppArmor Filesystem Enabled
[   38.438720] pnp: PnP ACPI init
[   38.553411] pnp: PnP ACPI: found 3 devices
[   38.693717] clocksource: acpi_pm: mask: 0xffffff max_cycles: 0xffffff, max_idle_ns: 2085701024 ns
[   38.876991] NET: Registered protocol family 2
[   39.001800] TCP established hash table entries: 8192 (order: 4, 65536 bytes)
[   39.225134] TCP bind hash table entries: 8192 (order: 5, 131072 bytes)
[   39.442903] TCP: Hash tables configured (established 8192 bind 8192)
[   39.637203] UDP hash table entries: 512 (order: 2, 16384 bytes)
[   39.823712] UDP-Lite hash table entries: 512 (order: 2, 16384 bytes)
[   39.981299] NET: Registered protocol family 1
[   40.144142] pci 0000:00:00.0: Limiting direct PCI/PCI transfers
[   40.346350] pci 0000:00:01.0: Activating ISA DMA hang workarounds
[   40.553378] Unpacking initramfs...
[   40.905911] Freeing initrd memory: 15228K
[   40.991192] platform rtc_cmos: registered platform RTC device (no PNP device found)
[   41.110041] Scanning for low memory corruption every 60 seconds
[   41.264223] audit: initializing netlink subsys (disabled)
[   41.424872] audit: type=2000 audit(1513919756.495:1): initialized
[   41.602107] Initialise system trusted keyring
[   41.683086] HugeTLB registered 2 MB page size, pre-allocated 0 pages
[   41.820558] zbud: loaded
[   41.888527] VFS: Disk quotas dquot_6.6.0
[   41.957638] VFS: Dquot-cache hash table entries: 512 (order 0, 4096 bytes)
[   42.073730] tsc: Refined TSC clocksource calibration: 2712.083 MHz
[   42.155911] clocksource: tsc: mask: 0xffffffffffffffff max_cycles: 0x2717d4890dc, max_idle_ns: 440795202126 ns
[   42.156209] squashfs: version 4.0 (2009/01/31) Phillip Lougher
[   42.375162] fuse init (API version 7.23)
[   42.375320] Key type big_key registered
[   42.375345] Allocating IMA MOK and blacklist keyrings.
[   42.375596] Key type asymmetric registered
[   42.375603] Asymmetric key parser 'x509' registered
[   42.375650] Block layer SCSI generic (bsg) driver version 0.4 loaded (major 249)
[   42.375678] io scheduler noop registered
[   42.375680] io scheduler deadline registered (default)
[   42.375712] io scheduler cfq registered
[   42.375805] pci_hotplug: PCI Hot Plug PCI Core version: 0.5
[   42.375810] pciehp: PCI Express Hot Plug Controller Driver version: 0.4
[   42.375949] ACPI: AC Adapter [AC] (on-line)
[   42.376001] input: Power Button as /devices/LNXSYSTM:00/LNXPWRBN:00/input/input0
[   42.376004] ACPI: Power Button [PWRF]
[   42.376069] input: Sleep Button as /devices/LNXSYSTM:00/LNXSLPBN:00/input/input1
[   42.376070] ACPI: Sleep Button [SLPF]
[   42.376208] GHES: HEST is not enabled!
[   42.376316] Serial: 8250/16550 driver, 32 ports, IRQ sharing enabled
[   42.569945] 00:02: ttyS0 at I/O 0x3f8 (irq = 4, base_baud = 115200) is a 16550A
[   42.685747] Linux agpgart interface v0.103
[   42.759511] ACPI: Battery Slot [BAT0] (battery present)
[   42.873401] loop: module loaded
[   42.874008] scsi host0: ata_piix
[   42.874068] scsi host1: ata_piix
[   42.874101] ata1: PATA max UDMA/33 cmd 0x1f0 ctl 0x3f6 bmdma 0xd000 irq 14
[   42.874102] ata2: PATA max UDMA/33 cmd 0x170 ctl 0x376 bmdma 0xd008 irq 15
[   42.874181] libphy: Fixed MDIO Bus: probed
[   42.874184] tun: Universal TUN/TAP device driver, 1.6
[   42.874185] tun: (C) 1999-2004 Max Krasnyansky <maxk@qualcomm.com>
[   42.874594] PPP generic driver version 2.4.2
[   42.874661] ehci_hcd: USB 2.0 'Enhanced' Host Controller (EHCI) Driver
[   42.874667] ehci-pci: EHCI PCI platform driver
[   42.874683] ehci-platform: EHCI generic platform driver
[   42.874692] ohci_hcd: USB 1.1 'Open' Host Controller (OHCI) Driver
[   42.874696] ohci-pci: OHCI PCI platform driver
[   42.874706] ohci-platform: OHCI generic platform driver
[   42.874713] uhci_hcd: USB Universal Host Controller Interface driver
[   42.874769] i8042: PNP: PS/2 Controller [PNP0303:PS2K,PNP0f03:PS2M] at 0x60,0x64 irq 1,12
[   42.875330] serio: i8042 KBD port at 0x60,0x64 irq 1
[   42.875337] serio: i8042 AUX port at 0x60,0x64 irq 12
[   42.875479] mousedev: PS/2 mouse device common for all mice
[   42.875817] input: AT Translated Set 2 keyboard as /devices/platform/i8042/serio0/input/input2
[   42.876171] rtc_cmos rtc_cmos: rtc core: registered rtc_cmos as rtc0
[   42.876242] rtc_cmos rtc_cmos: alarms up to one day, 114 bytes nvram
[   42.876251] i2c /dev entries driver
[   42.876315] device-mapper: uevent: version 1.0.3
[   42.876376] device-mapper: ioctl: 4.34.0-ioctl (2015-10-28) initialised: dm-devel@redhat.com
[   42.876391] ledtrig-cpu: registered to indicate activity on CPUs
[   42.876679] NET: Registered protocol family 10
[   42.876894] NET: Registered protocol family 17
[   42.876904] Key type dns_resolver registered
[   42.877068] microcode: CPU0 sig=0x806e9, pf=0x8, revision=0x0
[   42.932310] microcode: CPU1 sig=0x806e9, pf=0x8, revision=0x0
[   42.932393] microcode: Microcode Update Driver: v2.01 <tigran@aivazian.fsnet.co.uk>, Peter Oruba
[   42.932559] registered taskstats version 1
[   42.932578] Loading compiled-in X.509 certificates
[   42.933235] Loaded X.509 cert 'Build time autogenerated kernel key: 8537ad706776f532219d7336343c968b9f82f7c7'
[   42.933259] zswap: loaded using pool lzo/zbud
[   42.935136] Key type trusted registered
[   42.938029] Key type encrypted registered
[   42.938037] AppArmor: AppArmor sha1 policy hashing enabled
[   42.938040] ima: No TPM chip found, activating TPM-bypass!
[   42.938063] evm: HMAC attrs: 0x1
[   42.938406]   Magic number: 13:936:264
[   43.007705] rtc_cmos rtc_cmos: setting system clock to 2017-12-22 05:16:30 UTC (1513919790)
[   43.007825] BIOS EDD facility v0.16 2004-Jun-25, 0 devices found
[   43.007825] EDD information not available.
[   50.673779] Freeing unused kernel memory: 1492K
[   50.793586] Write protecting the kernel read-only data: 14336k
[   50.977272] Freeing unused kernel memory: 1744K
[   51.109589] Freeing unused kernel memory: 108K
Loading, please [   51.256833] random: systemd-udevd: uninitialized urandom read (16 bytes read, 7 bits of entropy available)
wait...
startin[   51.257421] random: udevadm: uninitialized urandom read (16 bytes read, 7 bits of entropy available)
g version 229
[   51.257435] random: udevadm: uninitialized urandom read (16 bytes read, 7 bits of entropy available)
[   51.264361] random: udevadm: uninitialized urandom read (16 bytes read, 7 bits of entropy available)
[   51.264392] random: udevadm: uninitialized urandom read (16 bytes read, 7 bits of entropy available)
[   51.264483] random: udevadm: uninitialized urandom read (16 bytes read, 7 bits of entropy available)
[   51.264516] random: udevadm: uninitialized urandom read (16 bytes read, 7 bits of entropy available)
[   51.264547] random: udevadm: uninitialized urandom read (16 bytes read, 7 bits of entropy available)
[   51.264580] random: udevadm: uninitialized urandom read (16 bytes read, 7 bits of entropy available)
[   51.264610] random: udevadm: uninitialized urandom read (16 bytes read, 7 bits of entropy available)
[   53.711351] e1000: Intel(R) PRO/1000 Network Driver - version 7.3.21-k8-NAPI
[   53.711355] Fusion MPT base driver 3.04.20
[   53.711355] Copyright (c) 1999-2008 LSI Corporation
[   54.008266] e1000: Copyright (c) 1999-2006 Intel Corporation.
[   54.099795] Fusion MPT SPI Host driver 3.04.20
[   54.172427] AVX version of gcm_enc/dec engaged.
[   54.236729] AES CTR mode by8 optimization enabled
[   54.387962] input: ImExPS/2 Generic Explorer Mouse as /devices/platform/i8042/serio1/input/input4
[   54.502591] e1000 0000:00:03.0 eth0: (PCI:33MHz:32-bit) 02:63:8e:2c:ef:cd
[   54.502594] e1000 0000:00:03.0 eth0: Intel(R) PRO/1000 Network Connection
[   54.716386] e1000 0000:00:03.0 enp0s3: renamed from eth0
[   54.716967] mptbase: ioc0: Initiating bringup
[   54.778347] ioc0: LSI53C1030 A0: Capabilities={Initiator}
[   54.938981] scsi host2: ioc0: LSI53C1030 A0, FwRev=00000000h, Ports=1, MaxQ=256, IRQ=20
[   55.051266] scsi 2:0:0:0: Direct-Access     VBOX     HARDDISK         1.0  PQ: 0 ANSI: 5
[   55.051272] scsi target2:0:0: Beginning Domain Validation
[   55.054998] scsi target2:0:0: Domain Validation skipping write tests
[   55.054999] scsi target2:0:0: Ending Domain Validation
[   55.055033] scsi target2:0:0: asynchronous
[   55.055326] scsi 2:0:1:0: Direct-Access     VBOX     HARDDISK         1.0  PQ: 0 ANSI: 5
[   55.055330] scsi target2:0:1: Beginning Domain Validation
[   55.056097] scsi target2:0:1: Domain Validation skipping write tests
[   55.056098] scsi target2:0:1: Ending Domain Validation
[   55.056142] scsi target2:0:1: asynchronous
[   55.068079] sd 2:0:0:0: Attached scsi generic sg0 type 0
[   55.068214] sd 2:0:0:0: [sda] 20971520 512-byte logical blocks: (10.7 GB/10.0 GiB)
[   55.068479] sd 2:0:1:0: [sdb] 20480 512-byte logical blocks: (10.5 MB/10.0 MiB)
[   55.068552] sd 2:0:0:0: [sda] Write Protect is off
[   55.068596] sd 2:0:1:0: [sdb] Write Protect is off
[   55.068665] sd 2:0:0:0: [sda] Incomplete mode parameter data
[   55.068666] sd 2:0:0:0: [sda] Assuming drive cache: write through
[   55.068706] sd 2:0:1:0: [sdb] Incomplete mode parameter data
[   55.068707] sd 2:0:1:0: [sdb] Assuming drive cache: write through
[   55.069639] sd 2:0:1:0: Attached scsi generic sg1 type 0
[   55.080879]  sda: sda1
[   55.081786] sd 2:0:0:0: [sda] Attached SCSI disk
[   55.082027] sd 2:0:1:0: [sdb] Attached SCSI disk
[   57.091124] floppy0: no floppy controllers found
Begin: Loading e[   59.694537] md: linear personality registered for level -1
ssential drivers[   59.862974] md: multipath personality registered for level -4
 ... [   60.027999] md: raid0 personality registered for level 0
[   60.157054] md: raid1 personality registered for level 1
[   60.366935] raid6: sse2x1   gen()  8894 MB/s
[   60.546566] raid6: sse2x1   xor()  4912 MB/s
[   60.734979] raid6: sse2x2   gen() 10591 MB/s
[   60.922374] raid6: sse2x2   xor()  7104 MB/s
[   61.094114] raid6: sse2x4   gen() 11443 MB/s
[   61.282510] raid6: sse2x4   xor()  7473 MB/s
[   61.405567] raid6: using algorithm sse2x4 gen() 11443 MB/s
[   61.555803] raid6: .... xor() 7473 MB/s, rmw enabled
[   61.657184] raid6: using ssse3x2 recovery algorithm
[   61.769086] xor: automatically using best checksumming function:
[   62.006217]    avx       : 18608.000 MB/sec
[   62.123833] async_tx: api initialized (async)
[   62.243451] md: raid6 personality registered for level 6
[   62.383311] md: raid5 personality registered for level 5
[   62.535045] md: raid4 personality registered for level 4
[   62.654806] md: raid10 personality registered for level 10
done.
Begin: Running /[   62.789532] Btrfs loaded
scripts/init-premount ... done.
Begin: Mounting root file syste[   62.911262] EXT4-fs (sda1): INFO: recovery required on readonly filesystem
m ... Begin: Run[   63.111256] EXT4-fs (sda1): write access will be enabled during recovery
ning /scripts/local-top ... done.
Begin: Running /scripts/local-premount ... Sc[   63.413958] EXT4-fs (sda1): recovery complete
anning for Btrfs[   63.570949] EXT4-fs (sda1): mounted filesystem with ordered data mode. Opts: (null)
 filesystems
done.
Warning: fsck not present, so skipping root file system
done.
Begin: Running /scripts/local-bottom ... done.
Begin: Running /scripts/init-bottom ... done.
[   64.113443] random: nonblocking pool is initialized
[   64.272132] systemd[1]: systemd 229 running in system mode. (+PAM +AUDIT +SELINUX +IMA +APPARMOR +SMACK +SYSVINIT +UTMP +LIBCRYPTSETUP +GCRYPT +GNUTLS +ACL +XZ -LZ4 +SECCOMP +BLKID +ELFUTILS +KMOD -IDN)
[   64.721482] systemd[1]: Detected virtualization oracle.
[   64.827888] systemd[1]: Detected architecture x86-64.

Welcome to [1mUbuntu 16.04.3 LTS[0m!

[   65.054372] systemd[1]: Set hostname to <ubuntu-xenial>.
[   65.370231] systemd[1]: Listening on Journal Audit Socket.
[[0;32m  OK  [0m] Listening on Journal Audit Socket.
[   65.622987] systemd[1]: Listening on udev Kernel Socket.
[[0;32m  OK  [0m] Listening on udev Kernel Socket.
[   65.867671] systemd[1]: Listening on LVM2 poll daemon socket.
[[0;32m  OK  [0m] Listening on LVM2 poll daemon socket.
[   66.111157] systemd[1]: Started Forward Password Requests to Wall Directory Watch.
[[0;32m  OK  [0m] Started Forward Password Requests to Wall Directory Watch.
[   66.492040] systemd[1]: Listening on LVM2 metadata daemon socket.
[[0;32m  OK  [0m] Listening on LVM2 metadata daemon socket.
[   66.803611] systemd[1]: Listening on Syslog Socket.
[[0;32m  OK  [0m] Listening on Syslog Socket.
[   67.015151] systemd[1]: Reached target User and Group Name Lookups.
[[0;32m  OK  [0m] Reached target User and Group Name Lookups.
[   67.299566] systemd[1]: Listening on Journal Socket.
[[0;32m  OK  [0m] Listening on Journal Socket.
[   67.534752] systemd[1]: Listening on Device-mapper event daemon FIFOs.
[[0;32m  OK  [0m] Listening on Device-mapper event daemon FIFOs.
[   67.867495] systemd[1]: Created slice User and Session Slice.
[[0;32m  OK  [0m] Created slice User and Session Slice.
[   68.123098] systemd[1]: Reached target Swap.
[[0;32m  OK  [0m] Reached target Swap.
[   68.323574] systemd[1]: Reached target Encrypted Volumes.
[[0;32m  OK  [0m] Reached target Encrypted Volumes.
[   68.595447] systemd[1]: Started Trigger resolvconf update for networkd DNS.
[[0;32m  OK  [0m] Started Trigger resolvconf update for networkd DNS.
[   68.931009] systemd[1]: Listening on udev Control Socket.
[[0;32m  OK  [0m] Listening on udev Control Socket.
[   69.186743] systemd[1]: Set up automount Arbitrary Executable File Formats File System Automount Point.
[[0;32m  OK  [0m] Set up automount Arbitrary Executab...ats File System Automount Point.
[   69.602985] systemd[1]: Listening on /dev/initctl Compatibility Named Pipe.
[[0;32m  OK  [0m] Listening on /dev/initctl Compatibility Named Pipe.
[   69.939186] systemd[1]: Listening on Journal Socket (/dev/log).
[[0;32m  OK  [0m] Listening on Journal Socket (/dev/log).
[   70.198787] systemd[1]: Created slice System Slice.
[[0;32m  OK  [0m] Created slice System Slice.
[   70.331006] systemd[1]: Mounting Huge Pages File System...
         Mounting Huge Pages File System...
[   70.555024] systemd[1]: Starting Set console keymap...
         Starting Set console keymap...
[   70.767050] systemd[1]: Created slice system-serial\x2dgetty.slice.
[[0;32m  OK  [0m] Created slice system-serial\x2dgetty.slice.
[   71.067401] systemd[1]: Starting Monitoring of LVM2 mirrors, snapshots etc. using dmeventd or progress polling...
         Starting Monitoring of LVM2 mirrors... dmeventd or progress polling...
[   71.390996] systemd[1]: Starting Uncomplicated firewall...
         Starting Uncomplicated firewall...
[   71.614428] systemd[1]: Starting Create list of required static device nodes for the current kernel...
         Starting Create list of required st... nodes for the current kernel...
[   72.043046] systemd[1]: Starting Load Kernel Modules...
         Starting Load Kernel Modules...
[   72.197349] Loading iSCSI transport class v2.0-870.
[   72.307016] systemd[1]: Mounting Debug File System...
         Mounting Debug File System...
[   72.451920] iscsi: registered transport (tcp)
[   72.575206] systemd[1]: Starting Remount Root and Kernel File Systems...
         Starting Remount[   72.749698] EXT4-fs (sda1): re-mounted. Opts: (null)
 Root and Kernel File Systems...
[   72.940650] iscsi: registered transport (iser)
[   73.035350] systemd[1]: Starting Journal Service...
         Starting Journal Service...
[   73.235208] systemd[1]: Starting Nameserver information manager...
         Starting Nameserver information manager...
[   73.330400] systemd[1]: Reached target Slices.
[[0;32m  OK  [0m] Reached target Slices.
[   73.482354] systemd[1]: Mounting POSIX Message Queue File System...
         Mounting POSIX Message Queue File System...
[   73.717371] systemd[1]: Mounted POSIX Message Queue File System.
[[0;32m  OK  [0m] Mounted POSIX Message Queue File System.
[   73.979242] systemd[1]: Mounted Debug File System.
[[0;32m  OK  [0m] Mounted Debug File System.
[   74.202939] systemd[1]: Mounted Huge Pages File System.
[[0;32m  OK  [0m] Mounted Huge Pages File System.
[   74.395963] systemd[1]: Started Journal Service.
[[0;32m  OK  [0m] Started Journal Service.
[[0;32m  OK  [0m] Started Set console keymap.
[[0;32m  OK  [0m] Started Uncomplicated firewall.
[[0;32m  OK  [0m] Started Create list of required sta...ce nodes for the current kernel.
[[0;32m  OK  [0m] Started Load Kernel Modules.
[[0;32m  OK  [0m] Started Remount Root and Kernel File Systems.
[[0;32m  OK  [0m] Started Nameserver information manager.
[[0;32m  OK  [0m] Started LVM2 metadata daemon.
         Starting udev Coldplug all Devices...
         Starting Initial cloud-init job (pre-networking)...
         Starting Load/Save Random Seed...
         Starting Apply Kernel Variables...
         Mounting FUSE Control File System...
         Starting Create Static Device Nodes in /dev...
         Starting Flush Journal to Persistent Storage...
[[0;32m  OK  [0m] Mounted FUSE Control File System.
[[0;32m  OK  [0m] Started Monitoring of LVM2 mirrors,...ng dmeventd or progress polling.
[[0;32m  OK  [0m] Started Load/Save Random Seed.
[[0;32m  OK  [0m] Started Apply Kernel Variables.
[[0;32m  OK  [0m] Started Create Static Device Nodes in /dev.
[[0;32m  OK  [0m] Started udev Coldplug all Devices.
[[0;32m  OK  [0m] Started Flush Journal to Persistent Storage.
[   39.040633] cloud-init[456]: Cloud-init v. 17.1 running 'init-local' at Fri, 22 Dec 2017 05:17:03 +0000. Up 38.79 seconds.
[[0;32m  OK  [0m] Started Initial cloud-init job (pre-networking).
[[0;32m  OK  [0m] Reached target Network (Pre).
         Starting udev Kernel Device Manager...
[[0;32m  OK  [0m] Started udev Kernel Device Manager.
[[0;32m  OK  [0m] Reached target Local File Systems (Pre).
[[0;32m  OK  [0m] Reached target Local File Systems.
         Starting Set console font and keymap...
         Starting Create Volatile Files and Directories...
         Starting LSB: AppArmor initialization...
         Starting Tell Plymouth To Write Out Runtime Data...
[[0;32m  OK  [0m] Started Dispatch Password Requests to Console Directory Watch.
[[0;32m  OK  [0m] Started Set console font and keymap.
[[0;32m  OK  [0m] Started Create Volatile Files and Directories.
[[0;32m  OK  [0m] Started Tell Plymouth To Write Out Runtime Data.
[[0;32m  OK  [0m] Found device /dev/ttyS0.
[[0;32m  OK  [0m] Listening on Load/Save RF Kill Switch Status /dev/rfkill Watch.
         Starting Update UTMP about System Boot/Shutdown...
[[0;32m  OK  [0m] Reached target System Time Synchronized.
[[0;32m  OK  [0m] Created slice system-getty.slice.
[[0;32m  OK  [0m] Started LSB: AppArmor initialization.
[[0;32m  OK  [0m] Started ifup for enp0s3.
         Starting Raise network interfaces...
[[0;32m  OK  [0m] Started Update UTMP about System Boot/Shutdown.
[[0;32m  OK  [0m] Started Raise network interfaces.
         Starting Initial cloud-init job (metadata service crawler)...
[[0;32m  OK  [0m] Reached target Network.
[   43.592168] cloud-init[974]: Cloud-init v. 17.1 running 'init' at Fri, 22 Dec 2017 05:17:08 +0000. Up 43.12 seconds.
[   43.744996] cloud-init[974]: ci-info: +++++++++++++++++++++++++++++++++++++Net device info++++++++++++++++++++++++++++++++++++++
[[0;32m  OK  [0m] Started Initial cloud-init job (metadata service crawler).
[   43.919786] cloud-init[974]: ci-info: +--------+------+----------------------------+---------------+-------+-------------------+
[   44.006485] cloud-init[974]: ci-info: | Device |  Up  |          Address           |      Mask     | Scope |     Hw-Address    |
[[0;32m  OK  [0m] Reached target System Initialization.
[   44.006616] cloud-init[974]: ci-info: +--------+------+----------------------------+---------------+-------+-------------------+
[   44.577300] cloud-init[974]: ci-info: | enp0s3 | True |         10.0.2.15          | 255.255.255.0 |   .   | 02:63:8e:2c:ef:cd |
[   44.577576] cloud-init[974]: ci-info: | enp0s3 | True | fe80::63:8eff:fe2c:efcd/64 |       .       |  link | 02:63:8e:2c:ef:cd |
[[0;32m  OK  [0m] Started Timer to automatically refresh installed snaps.
[   44.577689] cloud-init[974]: ci-info: |   lo   | True |         127.0.0.1          |   255.0.0.0   |   .   |         .         |
[   45.005530] cloud-init[974]: ci-info: |   lo   | True |          ::1/128           |       .       |  host |         .         |
[[0;32m  OK  [0m] Listening on D-Bus System Message Bus Socket.
         Starting LXD - unix socket.
[[0;32m  OK  [0m] Listening on UUID daemon activation socket.
[[0;32m  OK  [0m] Listening on ACPID Listen Socket.
[   45.005653] cloud-init[974]: ci-info: +--------+------+----------------------------+---------------+-------+-------------------+
[   45.805034] cloud-init[974]: ci-info: +++++++++++++++++++++++++++Route IPv4 info++++++++++++++++++++++++++++
[   45.805298] cloud-init[974]: ci-info: +-------+-------------+----------+---------------+-----------+-------+
[[0;32m  OK  [0m] Started ACPI Events Check.
[   45.805397] cloud-init[974]: ci-info: | Route | Destination | Gateway  |    Genmask    | Interface | Flags |
[   46.149710] cloud-init[974]: ci-info: +-------+-------------+----------+---------------+-----------+-------+
[[0;32m  OK  [0m] Reached target Paths.
         Starting Socket activation for snappy daemon.
[[0;32m  OK  [0m] Started Daily Cleanup of Temporary Directories.
[   46.149797] cloud-init[974]: ci-info: |   0   |   0.0.0.0   | 10.0.2.2 |    0.0.0.0    |   enp0s3  |   UG  |
[   46.728721] cloud-init[974]: ci-info: |   1   |   10.0.2.0  | 0.0.0.0  | 255.255.255.0 |   enp0s3  |   U   |
[   46.729541] cloud-init[974]: ci-info: +-------+-------------+----------+---------------+-----------+-------+
[[0;32m  OK  [0m] Reached target Cloud-config availability.
[[0;32m  OK  [0m] Reached target Network is Online.
         Starting iSCSI initiator daemon (iscsid)...
[[0;32m  OK  [0m] Started Daily apt download activities.
[[0;32m  OK  [0m] Started Daily apt upgrade and clean activities.
[[0;32m  OK  [0m] Reached target Timers.
[[0;32m  OK  [0m] Listening on LXD - unix socket.
[[0;32m  OK  [0m] Listening on Socket activation for snappy daemon.
[[0;32m  OK  [0m] Reached target Sockets.
[[0;32m  OK  [0m] Reached target Basic System.
[[0;32m  OK  [0m] Started D-Bus System Message Bus.
         Starting System Logging Service...
         Starting Accounts Service...
[[0;32m  OK  [0m] Started Deferred execution scheduler.
[[0;32m  OK  [0m] Started Regular background program processing daemon.
         Starting LSB: Record successful boot for GRUB...
         Starting LXD - container startup/shutdown...
[[0;32m  OK  [0m] Started FUSE filesystem for LXC.
         Starting Login Service...
         Starting OpenBSD Secure Shell server...
[[0;32m  OK  [0m] Started Unattended Upgrades Shutdown.
[[0;32m  OK  [0m] Started ACPI event daemon.
         Starting /etc/rc.local Compatibility...
         Starting Snappy daemon...
         Starting Apply the settings specified in cloud-config...
         Starting LSB: MD monitoring daemon...
[[0;32m  OK  [0m] Started System Logging Service.
[[0;32m  OK  [0m] Started OpenBSD Secure Shell server.
[[0;32m  OK  [0m] Started Snappy daemon.
[[0;32m  OK  [0m] Started iSCSI initiator daemon (iscsid).
[[0;32m  OK  [0m] Started LXD - container startup/shutdown.
[[0;32m  OK  [0m] Started /etc/rc.local Compatibility.
[   49.413031] cloud-init[1077]: Cloud-init v. 17.1 running 'modules:config' at Fri, 22 Dec 2017 05:17:14 +0000. Up 49.26 seconds.
[[0;32m  OK  [0m] Started Apply the settings specified in cloud-config.
         Starting Authenticate and Authorize Users to Run Privileged Tasks...
         Starting Login to default iSCSI targets...
[[0;32m  OK  [0m] Started LSB: Record successful boot for GRUB.
[[0;32m  OK  [0m] Started LSB: MD monitoring daemon.
[[0;32m  OK  [0m] Started Login Service.
[[0;32m  OK  [0m] Started Authenticate and Authorize Users to Run Privileged Tasks.
[[0;32m  OK  [0m] Started Accounts Service.
[[0;32m  OK  [0m] Started Login to default iSCSI targets.
[[0;32m  OK  [0m] Reached target Remote File Systems (Pre).
[[0;32m  OK  [0m] Reached target Remote File Systems.
         Starting LSB: daemon to balance interrupts for SMP systems...
         Starting Permit User Sessions...
         Starting LSB: automatic crash report generation...
         Starting LSB: Set the CPU Frequency Scaling governor to "ondemand"...
         Starting LSB: VirtualBox Linux Additions...
[[0;32m  OK  [0m] Started Permit User Sessions.
[[0;32m  OK  [0m] Started LSB: Set the CPU Frequency Scaling governor to "ondemand".
[[0;32m  OK  [0m] Started LSB: daemon to balance interrupts for SMP systems.
[[0;32m  OK  [0m] Started LSB: automatic crash report generation.
[[0;32m  OK  [0m] Started LSB: VirtualBox Linux Additions.
[[0;32m  OK  [0m] Created slice User Slice of ubuntu.
         Starting User Manager for UID 1000...
[[0;32m  OK  [0m] Started Session 1 of user ubuntu.
         Starting Hold until boot process finishes up...
         Starting Terminate Plymouth Boot Screen...
[[0;32m  OK  [0m] Started User Manager for UID 1000.
[[0;32m  OK  [0m] Started Hold until boot process finishes up.
[[0;32m  OK  [0m] Started Terminate Plymouth Boot Screen.
[[0;32m  OK  [0m] Started Getty on tty1.
[[0;32m  OK  [0m] Started Serial Getty on ttyS0.
[[0;32m  OK  [0m] Reached target Login Prompts.
         Starting Set console scheme...
[[0;32m  OK  [0m] Reached target Multi-User System.
[[0;32m  OK  [0m] Reached target Graphical Interface.
         Starting Update UTMP about System Runlevel Changes...
         Starting Execute cloud user/final scripts...
[[0;32m  OK  [0m] Started Set console scheme.
[[0;32m  OK  [0m] Started Update UTMP about System Runlevel Changes.
[   53.365187] cloud-init[1220]: Cloud-init v. 17.1 running 'modules:final' at Fri, 22 Dec 2017 05:17:18 +0000. Up 53.21 seconds.
[   53.520701] cloud-init[1220]: Cloud-init v. 17.1 finished at Fri, 22 Dec 2017 05:17:18 +0000. Datasource DataSourceNoCloud [seed=/dev/sdb][dsmode=net].  Up 53.35 seconds
[[0;32m  OK  [0m] Started Execute cloud user/final scripts.
[[0;32m  OK  [0m] Reached target Cloud-init target.
         Starting Daily apt download activities...
         Stopping User Manager for UID 1000...
[[0;32m  OK  [0m] Stopped User Manager for UID 1000.
[[0;32m  OK  [0m] Removed slice User Slice of ubuntu.

Ubuntu 16.04.3 LTS ubuntu-xenial ttyS0

ubuntu-xenial login: 